
> gatwech-kuol-portfolio@1.0.0 build
> tsc -b && vite build

[36mvite v5.4.21 [32mbuilding for production...[36m[39m
transforming...
[32mΓ£ô[39m 32 modules transformed.
rendering chunks...
computing gzip size...
[2mdist/[22m[32mindex.html                 [39m[1m[2m  1.67 kB[22m[1m[22m[2m Γöé gzip:  0.53 kB[22m
[2mdist/[22m[35massets/index-8VVH6Vja.css  [39m[1m[2m 15.98 kB[22m[1m[22m[2m Γöé gzip:  4.12 kB[22m
[2mdist/[22m[36massets/index-1v5-JNOW.js   [39m[1m[2m162.35 kB[22m[1m[22m[2m Γöé gzip: 51.19 kB[22m
[32mΓ£ô built in 2.44s[39m
